Reusing configuration cache.
> Task :app:preBuild UP-TO-DATE
> Task :app:preDebugBuild UP-TO-DATE
> Task :app:clean
> Task :app:processDebugGoogleServices FROM-CACHE
> Task :app:generateDebugResources FROM-CACHE
> Task :app:generateDebugBuildConfig FROM-CACHE
> Task :app:packageDebugResources FROM-CACHE
> Task :app:kspDebugKotlin FROM-CACHE
> Task :app:processDebugNavigationResources FROM-CACHE
> Task :app:parseDebugLocalResources FROM-CACHE
> Task :app:generateDebugRFile FROM-CACHE

> Task :app:compileDebugKotlin FAILED
e: file:///app/applet/app/src/main/java/com/example/MetroCertViewModel.kt:98:5 Syntax error: Expecting ')'.
e: file:///app/applet/app/src/main/java/com/example/MetroCertViewModel.kt:98:9 Unresolved reference 'savedReports'.
e: file:///app/applet/app/src/main/java/com/example/MetroCertViewModel.kt:98:21 Syntax error: Expecting an element.
e: file:///app/applet/app/src/main/java/com/example/MetroCertViewModel.kt:98:32 Syntax error: Expecting an element.
e: file:///app/applet/app/src/main/java/com/example/MetroCertViewModel.kt:98:37 Syntax error: Expecting an element.
e: file:///app/applet/app/src/main/java/com/example/MetroCertViewModel.kt:98:44 Syntax error: Expecting an element.
e: file:///app/applet/app/src/main/java/com/example/MetroCertViewModel.kt:98:47 Syntax error: Expecting an element.
e: file:///app/applet/app/src/main/java/com/example/MetroCertViewModel.kt:98:49 Unresolved reference 'reportDao'.
e: file:///app/applet/app/src/main/java/com/example/MetroCertViewModel.kt:98:58 Syntax error: Expecting an element.
e: file:///app/applet/app/src/main/java/com/example/MetroCertViewModel.kt:98:73 Syntax error: Expecting an expression.
e: file:///app/applet/app/src/main/java/com/example/MetroCertViewModel.kt:99:10 Cannot infer type for this parameter. Specify it explicitly.
e: file:///app/applet/app/src/main/java/com/example/MetroCertViewModel.kt:99:57 Cannot infer type for this parameter. Specify it explicitly.
e: file:///app/applet/app/src/main/java/com/example/MetroCertViewModel.kt:101:5 Modifier 'private' is not applicable to 'local variable'.
e: file:///app/applet/app/src/main/java/com/example/MetroCertViewModel.kt:104:5 Modifier 'private' is not applicable to 'local variable'.
e: file:///app/applet/app/src/main/java/com/example/MetroCertViewModel.kt:116:9 Unresolved reference 'testingStates'.
e: file:///app/applet/app/src/main/java/com/example/MetroCertViewModel.kt:124:5 Modifier 'private' is not applicable to 'local variable'.
e: file:///app/applet/app/src/main/java/com/example/MetroCertViewModel.kt:130:5 Modifier 'private' is not applicable to 'local function'.
e: file:///app/applet/app/src/main/java/com/example/MetroCertViewModel.kt:329:2 Syntax error: Missing '}.
e: file:///app/applet/app/src/main/java/com/example/ui/DashboardScreen.kt:40:22 Property delegate must have a 'getValue(Nothing?, KProperty0<ERROR CLASS: Cannot infer argument for type parameter T>)' method. None of the following functions is applicable:
fun <T> State<T>.getValue(thisObj: Any?, property: KProperty<*>): T
e: file:///app/applet/app/src/main/java/com/example/ui/DashboardScreen.kt:40:25 Cannot infer type for this parameter. Specify it explicitly.
e: file:///app/applet/app/src/main/java/com/example/ui/DashboardScreen.kt:40:35 Unresolved reference 'savedReports'.
e: file:///app/applet/app/src/main/java/com/example/ui/DashboardScreen.kt:40:48 Cannot infer type for this parameter. Specify it explicitly.
e: file:///app/applet/app/src/main/java/com/example/ui/DashboardScreen.kt:41:37 Function invocation 'size(...)' expected.
e: file:///app/applet/app/src/main/java/com/example/ui/DashboardScreen.kt:42:42 Unresolved reference 'it'.
e: file:///app/applet/app/src/main/java/com/example/ui/DashboardScreen.kt:75:45 'operator' modifier is required on 'FirNamedFunctionSymbol kotlin/compareTo' in 'compareTo'.
e: file:///app/applet/app/src/main/java/com/example/ui/DashboardScreen.kt:124:32 Argument type mismatch: actual type is 'Int', but 'Report' was expected.
e: file:///app/applet/app/src/main/java/com/example/ui/MetroCertApp.kt:155:35 Property delegate must have a 'getValue(Nothing?, KProperty0<ERROR CLASS: Cannot infer argument for type parameter T>)' method. None of the following functions is applicable:
fun <T> State<T>.getValue(thisObj: Any?, property: KProperty<*>): T
e: file:///app/applet/app/src/main/java/com/example/ui/MetroCertApp.kt:155:38 Cannot infer type for this parameter. Specify it explicitly.
e: file:///app/applet/app/src/main/java/com/example/ui/MetroCertApp.kt:155:48 Unresolved reference 'activeReports'.
e: file:///app/applet/app/src/main/java/com/example/ui/MetroCertApp.kt:155:62 Cannot infer type for this parameter. Specify it explicitly.
e: file:///app/applet/app/src/main/java/com/example/ui/MetroCertApp.kt:156:34 Property delegate must have a 'getValue(Nothing?, KProperty0<ERROR CLASS: Cannot infer argument for type parameter T>)' method. None of the following functions is applicable:
fun <T> State<T>.getValue(thisObj: Any?, property: KProperty<*>): T
e: file:///app/applet/app/src/main/java/com/example/ui/MetroCertApp.kt:156:37 Cannot infer type for this parameter. Specify it explicitly.
e: file:///app/applet/app/src/main/java/com/example/ui/MetroCertApp.kt:156:47 Unresolved reference 'currentIndex'.
e: file:///app/applet/app/src/main/java/com/example/ui/MetroCertApp.kt:156:60 Cannot infer type for this parameter. Specify it explicitly.
e: file:///app/applet/app/src/main/java/com/example/ui/MetroCertApp.kt:162:41 Function invocation 'size(...)' expected.
e: file:///app/applet/app/src/main/java/com/example/ui/MetroCertApp.kt:176:59 Unresolved reference 'deleteMachine'.
e: file:///app/applet/app/src/main/java/com/example/ui/MetroCertApp.kt:189:56 Unresolved reference 'switchMachine'.
e: file:///app/applet/app/src/main/java/com/example/ui/MetroCertApp.kt:205:56 Unresolved reference 'addMachine'.
e: file:///app/applet/app/src/main/java/com/example/ui/MetroCertApp.kt:226:39 Unresolved reference 'startNewInspection'.
e: file:///app/applet/app/src/main/java/com/example/ui/MetroCertApp.kt:249:60 Unresolved reference 'currentReport'.
e: file:///app/applet/app/src/main/java/com/example/ui/MetroCertApp.kt:250:97 Unresolved reference 'certificateNo'.
e: file:///app/applet/app/src/main/java/com/example/ui/MetroCertApp.kt:272:61 Unresolved reference 'activeReports'.
e: file:///app/applet/app/src/main/java/com/example/ui/PreviewScreen.kt:28:16 Property delegate must have a 'getValue(Nothing?, KProperty0<ERROR CLASS: Cannot infer argument for type parameter T>)' method. None of the following functions is applicable:
fun <T> State<T>.getValue(thisObj: Any?, property: KProperty<*>): T
e: file:///app/applet/app/src/main/java/com/example/ui/PreviewScreen.kt:28:19 Cannot infer type for this parameter. Specify it explicitly.
e: file:///app/applet/app/src/main/java/com/example/ui/PreviewScreen.kt:28:29 Unresolved reference 'currentReport'.
e: file:///app/applet/app/src/main/java/com/example/ui/PreviewScreen.kt:28:43 Cannot infer type for this parameter. Specify it explicitly.
e: file:///app/applet/app/src/main/java/com/example/ui/PreviewScreen.kt:29:23 Property delegate must have a 'getValue(Nothing?, KProperty0<ERROR CLASS: Cannot infer argument for type parameter T>)' method. None of the following functions is applicable:
fun <T> State<T>.getValue(thisObj: Any?, property: KProperty<*>): T
e: file:///app/applet/app/src/main/java/com/example/ui/PreviewScreen.kt:29:26 Cannot infer type for this parameter. Specify it explicitly.
e: file:///app/applet/app/src/main/java/com/example/ui/PreviewScreen.kt:29:36 Unresolved reference 'activeReports'.
e: file:///app/applet/app/src/main/java/com/example/ui/PreviewScreen.kt:29:50 Cannot infer type for this parameter. Specify it explicitly.
e: file:///app/applet/app/src/main/java/com/example/ui/PreviewScreen.kt:30:90 Unresolved reference 'date'.
e: file:///app/applet/app/src/main/java/com/example/ui/PreviewScreen.kt:31:25 Unresolved reference 'status'.
e: file:///app/applet/app/src/main/java/com/example/ui/PreviewScreen.kt:52:48 Unresolved reference 'certificateNo'.
e: file:///app/applet/app/src/main/java/com/example/ui/PreviewScreen.kt:56:44 Unresolved reference 'manufacturer'.
e: file:///app/applet/app/src/main/java/com/example/ui/PreviewScreen.kt:56:67 Unresolved reference 'modelNumber'.
e: file:///app/applet/app/src/main/java/com/example/ui/PreviewScreen.kt:57:40 Unresolved reference 'serialNumber'.
e: file:///app/applet/app/src/main/java/com/example/ui/PreviewScreen.kt:58:39 Unresolved reference 'accuracyClass'.
e: file:///app/applet/app/src/main/java/com/example/ui/PreviewScreen.kt:58:70 Unresolved reference 'maxCapacity'.
e: file:///app/applet/app/src/main/java/com/example/ui/PreviewScreen.kt:58:97 Unresolved reference 'e'.
e: file:///app/applet/app/src/main/java/com/example/ui/PreviewScreen.kt:65:58 Unresolved reference 'weighingResults'.
e: file:///app/applet/app/src/main/java/com/example/ui/PreviewScreen.kt:65:97 Unresolved reference 'weighingResults'.
e: file:///app/applet/app/src/main/java/com/example/ui/PreviewScreen.kt:65:119 Unresolved reference 'it'.
e: file:///app/applet/app/src/main/java/com/example/ui/PreviewScreen.kt:66:49 Unresolved reference 'tempEffectResult'.
e: file:///app/applet/app/src/main/java/com/example/ui/PreviewScreen.kt:67:50 Unresolved reference 'eccentricityResult'.
e: file:///app/applet/app/src/main/java/com/example/ui/PreviewScreen.kt:68:52 Unresolved reference 'discriminationResult'.
e: file:///app/applet/app/src/main/java/com/example/ui/PreviewScreen.kt:69:51 Unresolved reference 'repeatabilityResult'.
e: file:///app/applet/app/src/main/java/com/example/ui/PreviewScreen.kt:70:53 Unresolved reference 'timeDependenceResult'.
e: file:///app/applet/app/src/main/java/com/example/ui/PreviewScreen.kt:71:47 Unresolved reference 'stabilityResult'.
e: file:///app/applet/app/src/main/java/com/example/ui/PreviewScreen.kt:72:45 Unresolved reference 'tiltingResult'.
e: file:///app/applet/app/src/main/java/com/example/ui/PreviewScreen.kt:73:42 Unresolved reference 'tareResult'.
e: file:///app/applet/app/src/main/java/com/example/ui/PreviewScreen.kt:74:46 Unresolved reference 'warmUpResult'.
e: file:///app/applet/app/src/main/java/com/example/ui/PreviewScreen.kt:75:46 Unresolved reference 'voltageResult'.
e: file:///app/applet/app/src/main/java/com/example/ui/PreviewScreen.kt:76:42 Unresolved reference 'emcResult'.
e: file:///app/applet/app/src/main/java/com/example/ui/PreviewScreen.kt:77:48 Unresolved reference 'dampHeatResult'.
e: file:///app/applet/app/src/main/java/com/example/ui/PreviewScreen.kt:78:53 Unresolved reference 'spanStabilityResult'.
e: file:///app/applet/app/src/main/java/com/example/ui/PreviewScreen.kt:79:48 Unresolved reference 'enduranceResult'.
e: file:///app/applet/app/src/main/java/com/example/ui/PreviewScreen.kt:95:33 Unresolved reference 'status'.
e: file:///app/applet/app/src/main/java/com/example/ui/PreviewScreen.kt:120:27 Function invocation 'size(...)' expected.
e: file:///app/applet/app/src/main/java/com/example/ui/PreviewScreen.kt:120:32 'operator' modifier is required on 'FirNamedFunctionSymbol kotlin/compareTo' in 'compareTo'.
e: file:///app/applet/app/src/main/java/com/example/ui/PreviewScreen.kt:128:51 Function invocation 'size(...)' expected.
e: file:///app/applet/app/src/main/java/com/example/ui/SetupScreen.kt:33:16 Property delegate must have a 'getValue(Nothing?, KProperty0<ERROR CLASS: Cannot infer argument for type parameter T>)' method. None of the following functions is applicable:
fun <T> State<T>.getValue(thisObj: Any?, property: KProperty<*>): T
e: file:///app/applet/app/src/main/java/com/example/ui/SetupScreen.kt:33:19 Cannot infer type for this parameter. Specify it explicitly.
e: file:///app/applet/app/src/main/java/com/example/ui/SetupScreen.kt:33:29 Unresolved reference 'currentReport'.
e: file:///app/applet/app/src/main/java/com/example/ui/SetupScreen.kt:33:43 Cannot infer type for this parameter. Specify it explicitly.
e: file:///app/applet/app/src/main/java/com/example/ui/SetupScreen.kt:36:25 Cannot infer type for this parameter. Specify it explicitly.
e: file:///app/applet/app/src/main/java/com/example/ui/SetupScreen.kt:36:25 Not enough information to infer type argument for 'T'.
e: file:///app/applet/app/src/main/java/com/example/ui/SetupScreen.kt:36:25 Cannot infer type for this parameter. Specify it explicitly.
e: file:///app/applet/app/src/main/java/com/example/ui/SetupScreen.kt:36:25 Not enough information to infer type argument for 'T'.
e: file:///app/applet/app/src/main/java/com/example/ui/SetupScreen.kt:36:36 Cannot infer type for this parameter. Specify it explicitly.
e: file:///app/applet/app/src/main/java/com/example/ui/SetupScreen.kt:36:36 Not enough information to infer type argument for 'T'.
e: file:///app/applet/app/src/main/java/com/example/ui/SetupScreen.kt:36:58 Unresolved reference 'manufacturer'.
e: file:///app/applet/app/src/main/java/com/example/ui/SetupScreen.kt:37:18 Cannot infer type for this parameter. Specify it explicitly.
e: file:///app/applet/app/src/main/java/com/example/ui/SetupScreen.kt:37:18 Not enough information to infer type argument for 'T'.
e: file:///app/applet/app/src/main/java/com/example/ui/SetupScreen.kt:37:18 Cannot infer type for this parameter. Specify it explicitly.
e: file:///app/applet/app/src/main/java/com/example/ui/SetupScreen.kt:37:18 Not enough information to infer type argument for 'T'.
e: file:///app/applet/app/src/main/java/com/example/ui/SetupScreen.kt:37:29 Cannot infer type for this parameter. Specify it explicitly.
e: file:///app/applet/app/src/main/java/com/example/ui/SetupScreen.kt:37:29 Not enough information to infer type argument for 'T'.
e: file:///app/applet/app/src/main/java/com/example/ui/SetupScreen.kt:37:51 Unresolved reference 'modelNumber'.
e: file:///app/applet/app/src/main/java/com/example/ui/SetupScreen.kt:38:19 Cannot infer type for this parameter. Specify it explicitly.
e: file:///app/applet/app/src/main/java/com/example/ui/SetupScreen.kt:38:19 Not enough information to infer type argument for 'T'.
e: file:///app/applet/app/src/main/java/com/example/ui/SetupScreen.kt:38:19 Cannot infer type for this parameter. Specify it explicitly.
e: file:///app/applet/app/src/main/java/com/example/ui/SetupScreen.kt:38:19 Not enough information to infer type argument for 'T'.
e: file:///app/applet/app/src/main/java/com/example/ui/SetupScreen.kt:38:30 Cannot infer type for this parameter. Specify it explicitly.
e: file:///app/applet/app/src/main/java/com/example/ui/SetupScreen.kt:38:30 Not enough information to infer type argument for 'T'.
e: file:///app/applet/app/src/main/java/com/example/ui/SetupScreen.kt:38:52 Unresolved reference 'serialNumber'.
e: file:///app/applet/app/src/main/java/com/example/ui/SetupScreen.kt:39:19 Cannot infer type for this parameter. Specify it explicitly.
e: file:///app/applet/app/src/main/java/com/example/ui/SetupScreen.kt:39:19 Not enough information to infer type argument for 'T'.
e: file:///app/applet/app/src/main/java/com/example/ui/SetupScreen.kt:39:19 Cannot infer type for this parameter. Specify it explicitly.
e: file:///app/applet/app/src/main/java/com/example/ui/SetupScreen.kt:39:19 Not enough information to infer type argument for 'T'.
e: file:///app/applet/app/src/main/java/com/example/ui/SetupScreen.kt:39:30 Cannot infer type for this parameter. Specify it explicitly.
e: file:///app/applet/app/src/main/java/com/example/ui/SetupScreen.kt:39:30 Not enough information to infer type argument for 'T'.
e: file:///app/applet/app/src/main/java/com/example/ui/SetupScreen.kt:39:52 Unresolved reference 'certificateNo'.
e: file:///app/applet/app/src/main/java/com/example/ui/SetupScreen.kt:40:26 Cannot infer type for this parameter. Specify it explicitly.
e: file:///app/applet/app/src/main/java/com/example/ui/SetupScreen.kt:40:26 Not enough information to infer type argument for 'T'.
e: file:///app/applet/app/src/main/java/com/example/ui/SetupScreen.kt:40:26 Cannot infer type for this parameter. Specify it explicitly.
e: file:///app/applet/app/src/main/java/com/example/ui/SetupScreen.kt:40:26 Not enough information to infer type argument for 'T'.
e: file:///app/applet/app/src/main/java/com/example/ui/SetupScreen.kt:40:37 Cannot infer type for this parameter. Specify it explicitly.
e: file:///app/applet/app/src/main/java/com/example/ui/SetupScreen.kt:40:37 Not enough information to infer type argument for 'T'.
e: file:///app/applet/app/src/main/java/com/example/ui/SetupScreen.kt:40:59 Unresolved reference 'accuracyClass'.
e: file:///app/applet/app/src/main/java/com/example/ui/SetupScreen.kt:41:57 Unresolved reference 'minCapacity'.
e: file:///app/applet/app/src/main/java/com/example/ui/SetupScreen.kt:42:57 Unresolved reference 'maxCapacity'.
e: file:///app/applet/app/src/main/java/com/example/ui/SetupScreen.kt:43:47 Unresolved reference 'e'.
e: file:///app/applet/app/src/main/java/com/example/ui/SetupScreen.kt:45:50 Unresolved reference 'ambientTemp'.
e: file:///app/applet/app/src/main/java/com/example/ui/SetupScreen.kt:46:54 Unresolved reference 'relativeHumidity'.
e: file:///app/applet/app/src/main/java/com/example/ui/SetupScreen.kt:47:54 Unresolved reference 'atmosphericPressure'.
e: file:///app/applet/app/src/main/java/com/example/ui/SetupScreen.kt:48:23 Cannot infer type for this parameter. Specify it explicitly.
e: file:///app/applet/app/src/main/java/com/example/ui/SetupScreen.kt:48:23 Not enough information to infer type argument for 'T'.
e: file:///app/applet/app/src/main/java/com/example/ui/SetupScreen.kt:48:23 Cannot infer type for this parameter. Specify it explicitly.
e: file:///app/applet/app/src/main/java/com/example/ui/SetupScreen.kt:48:23 Not enough information to infer type argument for 'T'.
e: file:///app/applet/app/src/main/java/com/example/ui/SetupScreen.kt:48:34 Cannot infer type for this parameter. Specify it explicitly.
e: file:///app/applet/app/src/main/java/com/example/ui/SetupScreen.kt:48:34 Not enough information to infer type argument for 'T'.
e: file:///app/applet/app/src/main/java/com/example/ui/SetupScreen.kt:48:56 Unresolved reference 'standardWeightId'.
e: file:///app/applet/app/src/main/java/com/example/ui/SetupScreen.kt:176:27 Unresolved reference 'updateInstrumentDetails'.
e: file:///app/applet/app/src/main/java/com/example/ui/SetupScreen.kt:179:27 Unresolved reference 'updateEnvironmentalConditions'.
e: file:///app/applet/app/src/main/java/com/example/ui/TestingScreen.kt:68:16 Property delegate must have a 'getValue(Nothing?, KProperty0<ERROR CLASS: Cannot infer argument for type parameter T>)' method. None of the following functions is applicable:
fun <T> State<T>.getValue(thisObj: Any?, property: KProperty<*>): T
e: file:///app/applet/app/src/main/java/com/example/ui/TestingScreen.kt:68:19 Cannot infer type for this parameter. Specify it explicitly.
e: file:///app/applet/app/src/main/java/com/example/ui/TestingScreen.kt:68:29 Unresolved reference 'currentReport'.
e: file:///app/applet/app/src/main/java/com/example/ui/TestingScreen.kt:68:43 Cannot infer type for this parameter. Specify it explicitly.
e: file:///app/applet/app/src/main/java/com/example/ui/TestingScreen.kt:69:22 Property delegate must have a 'getValue(Nothing?, KProperty0<ERROR CLASS: Cannot infer argument for type parameter T>)' method. None of the following functions is applicable:
fun <T> State<T>.getValue(thisObj: Any?, property: KProperty<*>): T
e: file:///app/applet/app/src/main/java/com/example/ui/TestingScreen.kt:69:25 Cannot infer type for this parameter. Specify it explicitly.
e: file:///app/applet/app/src/main/java/com/example/ui/TestingScreen.kt:69:35 Unresolved reference 'currentIndex'.
e: file:///app/applet/app/src/main/java/com/example/ui/TestingScreen.kt:69:48 Cannot infer type for this parameter. Specify it explicitly.
e: file:///app/applet/app/src/main/java/com/example/ui/TestingScreen.kt:70:25 Unresolved reference 'maxCapacity'.
e: file:///app/applet/app/src/main/java/com/example/ui/TestingScreen.kt:71:20 Unresolved reference 'e'.
e: file:///app/applet/app/src/main/java/com/example/ui/TestingScreen.kt:72:25 Unresolved reference 'minCapacity'.
e: file:///app/applet/app/src/main/java/com/example/ui/TestingScreen.kt:74:19 Cannot infer type for this parameter. Specify it explicitly.
e: file:///app/applet/app/src/main/java/com/example/ui/TestingScreen.kt:82:19 Cannot infer type for this parameter. Specify it explicitly.
e: file:///app/applet/app/src/main/java/com/example/ui/TestingScreen.kt:88:27 Unresolved reference 'getTestingState'.
e: file:///app/applet/app/src/main/java/com/example/ui/TestingScreen.kt:91:19 Unresolved reference 'loadDraftFromFirestore'.
e: file:///app/applet/app/src/main/java/com/example/ui/TestingScreen.kt:94:23 Unresolved reference 'triggerAutoSave'.
e: file:///app/applet/app/src/main/java/com/example/ui/TestingScreen.kt:99:17 Cannot infer type for this parameter. Specify it explicitly.
e: file:///app/applet/app/src/main/java/com/example/ui/TestingScreen.kt:99:17 Not enough information to infer type argument for 'T'.
e: file:///app/applet/app/src/main/java/com/example/ui/TestingScreen.kt:99:37 Cannot infer type for this parameter. Specify it explicitly.
e: file:///app/applet/app/src/main/java/com/example/ui/TestingScreen.kt:111:17 Cannot infer type for this parameter. Specify it explicitly.
e: file:///app/applet/app/src/main/java/com/example/ui/TestingScreen.kt:111:17 Not enough information to infer type argument for 'T'.
e: file:///app/applet/app/src/main/java/com/example/ui/TestingScreen.kt:111:37 Cannot infer type for this parameter. Specify it explicitly.
e: file:///app/applet/app/src/main/java/com/example/ui/TestingScreen.kt:127:21 Cannot infer type for this parameter. Specify it explicitly.
e: file:///app/applet/app/src/main/java/com/example/ui/TestingScreen.kt:127:21 Not enough information to infer type argument for 'T'.
e: file:///app/applet/app/src/main/java/com/example/ui/TestingScreen.kt:127:41 Cannot infer type for this parameter. Specify it explicitly.
e: file:///app/applet/app/src/main/java/com/example/ui/TestingScreen.kt:150:38 Argument type mismatch: actual type is 'Any', but 'String' was expected.
e: file:///app/applet/app/src/main/java/com/example/ui/TestingScreen.kt:196:21 Cannot infer type for this parameter. Specify it explicitly.
e: file:///app/applet/app/src/main/java/com/example/ui/TestingScreen.kt:196:21 Not enough information to infer type argument for 'T'.
e: file:///app/applet/app/src/main/java/com/example/ui/TestingScreen.kt:196:41 Cannot infer type for this parameter. Specify it explicitly.
e: file:///app/applet/app/src/main/java/com/example/ui/TestingScreen.kt:222:25 Cannot infer type for this parameter. Specify it explicitly.
e: file:///app/applet/app/src/main/java/com/example/ui/TestingScreen.kt:222:25 Not enough information to infer type argument for 'T'.
e: file:///app/applet/app/src/main/java/com/example/ui/TestingScreen.kt:223:24 Cannot infer type for this parameter. Specify it explicitly.
e: file:///app/applet/app/src/main/java/com/example/ui/TestingScreen.kt:223:24 Not enough information to infer type argument for 'B'.
e: file:///app/applet/app/src/main/java/com/example/ui/TestingScreen.kt:223:51 Cannot infer type for this parameter. Specify it explicitly.
e: file:///app/applet/app/src/main/java/com/example/ui/TestingScreen.kt:223:51 Not enough information to infer type argument for 'B'.
e: file:///app/applet/app/src/main/java/com/example/ui/TestingScreen.kt:223:80 Cannot infer type for this parameter. Specify it explicitly.
e: file:///app/applet/app/src/main/java/com/example/ui/TestingScreen.kt:223:80 Not enough information to infer type argument for 'B'.
e: file:///app/applet/app/src/main/java/com/example/ui/TestingScreen.kt:224:23 Cannot infer type for this parameter. Specify it explicitly.
e: file:///app/applet/app/src/main/java/com/example/ui/TestingScreen.kt:224:23 Not enough information to infer type argument for 'B'.
e: file:///app/applet/app/src/main/java/com/example/ui/TestingScreen.kt:224:54 Cannot infer type for this parameter. Specify it explicitly.
e: file:///app/applet/app/src/main/java/com/example/ui/TestingScreen.kt:224:54 Not enough information to infer type argument for 'B'.
e: file:///app/applet/app/src/main/java/com/example/ui/TestingScreen.kt:224:86 Cannot infer type for this parameter. Specify it explicitly.
e: file:///app/applet/app/src/main/java/com/example/ui/TestingScreen.kt:224:86 Not enough information to infer type argument for 'B'.
e: file:///app/applet/app/src/main/java/com/example/ui/TestingScreen.kt:224:125 Cannot infer type for this parameter. Specify it explicitly.
e: file:///app/applet/app/src/main/java/com/example/ui/TestingScreen.kt:224:125 Not enough information to infer type argument for 'B'.
e: file:///app/applet/app/src/main/java/com/example/ui/TestingScreen.kt:226:19 Cannot infer type for this parameter. Specify it explicitly.
e: file:///app/applet/app/src/main/java/com/example/ui/TestingScreen.kt:226:19 Not enough information to infer type argument for 'T'.
e: file:///app/applet/app/src/main/java/com/example/ui/TestingScreen.kt:226:29 Cannot infer type for this parameter. Specify it explicitly.
e: file:///app/applet/app/src/main/java/com/example/ui/TestingScreen.kt:226:29 Function 'component1()' is ambiguous for this expression: 
fun <T> Array<out T>.component1(): T
fun ByteArray.component1(): Byte
fun ShortArray.component1(): Short
fun IntArray.component1(): Int
fun LongArray.component1(): Long
fun FloatArray.component1(): Float
fun DoubleArray.component1(): Double
fun BooleanArray.component1(): Boolean
fun CharArray.component1(): Char
fun <T> List<T>.component1(): T
fun <K, V> Map.Entry<K, V>.component1(): K
fun UIntArray.component1(): UInt
fun ULongArray.component1(): ULong
fun UByteArray.component1(): UByte
fun UShortArray.component1(): UShort.
e: file:///app/applet/app/src/main/java/com/example/ui/TestingScreen.kt:226:29 Function 'component2()' is ambiguous for this expression: 
fun <T> Array<out T>.component2(): T
fun ByteArray.component2(): Byte
fun ShortArray.component2(): Short
fun IntArray.component2(): Int
fun LongArray.component2(): Long
fun FloatArray.component2(): Float
fun DoubleArray.component2(): Double
fun BooleanArray.component2(): Boolean
fun CharArray.component2(): Char
fun <T> List<T>.component2(): T
fun <K, V> Map.Entry<K, V>.component2(): V
fun UIntArray.component2(): UInt
fun ULongArray.component2(): ULong
fun UByteArray.component2(): UByte
fun UShortArray.component2(): UShort.
e: file:///app/applet/app/src/main/java/com/example/ui/TestingScreen.kt:262:27 Unresolved reference 'processTests'.

FAILURE: Build failed with an exception.

* What went wrong:
Execution failed for task ':app:compileDebugKotlin'.
> A failure occurred while executing org.jetbrains.kotlin.compilerRunner.GradleCompilerRunnerWithWorkers$GradleKotlinCompilerWorkAction
   > Compilation error. See log for more details

* Try:
> Run with --stacktrace option to get the stack trace.
> Run with --info or --debug option to get more log output.
> Run with --scan to get full insights from a Build Scan (powered by Develocity).
> Get more help at https://help.gradle.org.

BUILD FAILED in 29s
10 actionable tasks: 2 executed, 8 from cache
Configuration cache entry reused.
